// Vitest Snapshot v1, https://vitest.dev/guide/snapshot.html

exports[`wrapReactClass > should render the FunctionComponent with props 1`] = `
<FunctionComponent
  prop1="value1"
  prop2="value2"
>
  Child Text
</FunctionComponent>
`;

exports[`wrapReactClass should render the FunctionComponent with props 1`] = `
<FunctionComponent
  prop1="value1"
  prop2="value2"
>
  Child Text
</FunctionComponent>
`;
